// Jest Snapshot v1, https://goo.gl/fbAQLP

exports[`<Column /> component should render component correctly with name property and tasks 1`] = `ReactWrapper {}`;
