// Jest Snapshot v1, https://goo.gl/fbAQLP

exports[`<Task /> component should render component correctly with name property 1`] = `ReactWrapper {}`;
